main.c:251:6:clearErrorCounts	4	static
main.c:260:6:clearErrors	4	static
main.c:268:6:clearProcessVariables	4	static
main.c:279:7:Send_Response	16	static
main.c:289:7:Send_Status_Wait_ACK	16	static
main.c:304:7:Send_Status_data	16	static
main.c:321:7:Send_Standby_Status	8	static
main.c:338:7:Send_temp_Response	16	static
main.c:350:7:Send_Error_Msg	16	static
main.c:365:7:Send_ADR_Cmd	24	static
main.c:376:6:stopHeaterBasedOnError	8	static
main.c:409:6:speedSensorErrorCheck	4	static
main.c:444:6:parameterValueAssignment	8	static
main.c:748:7:getSpeed	16	static
main.c:1295:10:getWattageLevelCount_BS84C12A	16	static
main.c:1313:9:getDisplayChar_BS84C12A	16	static
main.c:1508:9:getDCMotorlevels	16	static
main.c:1541:6:Process_WOKIE_Control	16	static
main.c:1630:6:temperatureControlCurve	16	static
main.c:1890:5:main	8	static
main.c:2031:6:SystemClock_Config	88	static
main.c:2075:13:MX_ADC1_Init	24	static
main.c:2125:13:MX_DAC_Init	16	static
main.c:2163:13:MX_I2C2_Init	8	static
main.c:2197:13:MX_SPI2_Init	8	static
main.c:2234:13:MX_TIM1_Init	96	static
main.c:2317:13:MX_TIM3_Init	48	static
main.c:2375:13:MX_TIM6_Init	16	static
main.c:2413:13:MX_USART1_UART_Init	8	static
main.c:2444:13:MX_DMA_Init	16	static
main.c:2462:13:MX_GPIO_Init	56	static
main.c:2660:6:HAL_TIM_IC_CaptureCallback	16	static
main.c:2692:6:HAL_ADC_ConvHalfCpltCallback	16	static
main.c:2702:6:HAL_ADC_ConvCpltCallback	16	static
main.c:2724:6:StartDefaultTask	16	static
main.c:2817:6:android_task	32	static
main.c:2992:6:InductionControlTask	16	static
main.c:3120:6:MotorControlTask	16	static
main.c:3205:6:SensorReadTask	16	static
main.c:3350:6:errorHandleTask	16	static
main.c:3373:6:HAL_TIM_PeriodElapsedCallback	16	static
main.c:3394:6:Error_Handler	4	static,ignoring_inline_asm
