stm32f4xx_it.c:92:6:NMI_Handler	4	static
stm32f4xx_it.c:107:6:HardFault_Handler	4	static
stm32f4xx_it.c:122:6:MemManage_Handler	4	static
stm32f4xx_it.c:137:6:BusFault_Handler	4	static
stm32f4xx_it.c:152:6:UsageFault_Handler	4	static
stm32f4xx_it.c:167:6:DebugMon_Handler	4	static
stm32f4xx_it.c:187:6:EXTI0_IRQHandler	8	static
stm32f4xx_it.c:201:6:EXTI1_IRQHandler	8	static
stm32f4xx_it.c:215:6:EXTI2_IRQHandler	8	static
stm32f4xx_it.c:229:6:EXTI3_IRQHandler	8	static
stm32f4xx_it.c:243:6:EXTI4_IRQHandler	8	static
stm32f4xx_it.c:257:6:EXTI9_5_IRQHandler	8	static
stm32f4xx_it.c:279:6:TIM1_BRK_TIM9_IRQHandler	8	static
stm32f4xx_it.c:293:6:TIM1_UP_TIM10_IRQHandler	8	static
stm32f4xx_it.c:307:6:TIM1_TRG_COM_TIM11_IRQHandler	8	static
stm32f4xx_it.c:321:6:TIM1_CC_IRQHandler	8	static
stm32f4xx_it.c:335:6:TIM2_IRQHandler	8	static
stm32f4xx_it.c:349:6:TIM3_IRQHandler	8	static
stm32f4xx_it.c:383:6:TIM6_DAC_IRQHandler	8	static
stm32f4xx_it.c:624:6:DMA2_Stream0_IRQHandler	8	static
stm32f4xx_it.c:638:6:OTG_FS_IRQHandler	8	static
